// Jest Snapshot v1, https://goo.gl/fbAQLP

exports[`should render edit page properly 1`] = `
<div>
  <ExpenseForm
    expense={
      Object {
        "amount": 200,
        "createdAt": -345600000,
        "description": "gas bill",
        "id": "2",
        "note": "bill",
      }
    }
    onSubmit={[Function]}
  />
  <button
    onClick={[Function]}
  >
    Remove
  </button>
</div>
`;
