// Jest Snapshot v1, https://goo.gl/fbAQLP

exports[`should render Expense Item 1`] = `
<div>
  <Link
    to="/edit/1"
  >
    water bill
  </Link>
  <p>
    $1.00
    ---
    January 1st, 1970
  </p>
</div>
`;
