// Jest Snapshot v1, https://goo.gl/fbAQLP

exports[`should render Header properly 1`] = `
<header>
  <NavLink
    activeClassName="is-active"
    exact={true}
    to="/"
  >
    Home  
  </NavLink>
  <NavLink
    activeClassName="is-active"
    to="/create"
  >
    Add Expense  
  </NavLink>
  <NavLink
    activeClassName="is-active"
    to="/help"
  >
    Help  
  </NavLink>
</header>
`;
